
AD-ONE+dsingh@ITEM-S57803 MINGW64 /d/rcd-efiling-innersource/rcd-application (master)
$ git stash
Saved working directory and index state WIP on master: 1eacbb4cf Changing version from 5.9.0-RC1.1-SNAPSHOT to 5.9.0-RC1.1 (removing snapshot)

AD-ONE+dsingh@ITEM-S57803 MINGW64 /d/rcd-efiling-innersource/rcd-application (master)
$ git status
On branch master
Your branch is up to date with 'rcd-application/master'.

nothing to commit, working tree clean

AD-ONE+dsingh@ITEM-S57803 MINGW64 /d/rcd-efiling-innersource/rcd-application (master)
$ git checkout develop_RCDeFiling_5.10.0-RC1.1
Switched to a new branch 'develop_RCDeFiling_5.10.0-RC1.1'
Branch 'develop_RCDeFiling_5.10.0-RC1.1' set up to track remote branch 'develop_RCDeFiling_5.10.0-RC1.1' from 'origin'.

AD-ONE+dsingh@ITEM-S57803 MINGW64 /d/rcd-efiling-innersource/rcd-application (develop_RCDeFiling_5.10.0-RC1.1)
$ git stash pop
On branch develop_RCDeFiling_5.10.0-RC1.1
Your branch is up to date with 'origin/develop_RCDeFiling_5.10.0-RC1.1'.

Changes not staged for commit:
  (use "git add <file>..." to update what will be committed)
  (use "git checkout -- <file>..." to discard changes in working directory)

        modified:   admintool/admintool-ui-static/pom.xml
        modified:   admintool/admintool-ui/pom.xml
        modified:   admintool/pom.xml
        modified:   common/common-configuration-domain/pom.xml
        modified:   common/common-core-domain-base/pom.xml
        modified:   common/common-core-domain/pom.xml
        modified:   common/common-core/pom.xml
        modified:   common/common-domain/pom.xml
        modified:   common/common-filenet/pom.xml
        modified:   common/common-jcr/pom.xml
        modified:   common/common-security/pom.xml
        modified:   common/common-ui/pom.xml
        modified:   common/pom.xml
        modified:   conf/pom.xml
        modified:   core/core-batch/pom.xml
        modified:   core/core-businessrules/pom.xml
        modified:   core/core-drools/pom.xml
        modified:   core/core-persistence/pom.xml
        modified:   core/core-report/pom.xml
        modified:   core/core-service/pom.xml
        modified:   core/pom.xml
        modified:   external-xsd/pom.xml
        modified:   external/external-adapter/pom.xml
        modified:   external/external-domain/pom.xml
        modified:   external/pom.xml
        modified:   pom.xml
        modified:   public-xsd/pom.xml
        modified:   rcd-efiling/pom.xml
        modified:   rcd-efiling/rcd-efiling-mock/pom.xml
        modified:   rcd-efiling/rcd-efiling-ui/pom.xml
        modified:   rcd-sit/frontend/pom.xml
        modified:   rcd-sit/pom.xml

no changes added to commit (use "git add" and/or "git commit -a")
Dropped refs/stash@{0} (6a843e6e78854398f4f38a01b4a6281a1811987f)

AD-ONE+dsingh@ITEM-S57803 MINGW64 /d/rcd-efiling-innersource/rcd-application (develop_RCDeFiling_5.10.0-RC1.1)
$ git status
On branch develop_RCDeFiling_5.10.0-RC1.1
Your branch is up to date with 'origin/develop_RCDeFiling_5.10.0-RC1.1'.

Changes not staged for commit:
  (use "git add <file>..." to update what will be committed)
  (use "git checkout -- <file>..." to discard changes in working directory)

        modified:   admintool/admintool-ui-static/pom.xml
        modified:   admintool/admintool-ui/pom.xml
        modified:   admintool/pom.xml
        modified:   common/common-configuration-domain/pom.xml
        modified:   common/common-core-domain-base/pom.xml
        modified:   common/common-core-domain/pom.xml
        modified:   common/common-core/pom.xml
        modified:   common/common-domain/pom.xml
        modified:   common/common-filenet/pom.xml
        modified:   common/common-jcr/pom.xml
        modified:   common/common-security/pom.xml
        modified:   common/common-ui/pom.xml
        modified:   common/pom.xml
        modified:   conf/pom.xml
        modified:   core/core-batch/pom.xml
        modified:   core/core-businessrules/pom.xml
        modified:   core/core-drools/pom.xml
        modified:   core/core-persistence/pom.xml
        modified:   core/core-report/pom.xml
        modified:   core/core-service/pom.xml
        modified:   core/pom.xml
        modified:   external-xsd/pom.xml
        modified:   external/external-adapter/pom.xml
        modified:   external/external-domain/pom.xml
        modified:   external/pom.xml
        modified:   pom.xml
        modified:   public-xsd/pom.xml
        modified:   rcd-efiling/pom.xml
        modified:   rcd-efiling/rcd-efiling-mock/pom.xml
        modified:   rcd-efiling/rcd-efiling-ui/pom.xml
        modified:   rcd-sit/frontend/pom.xml
        modified:   rcd-sit/pom.xml

no changes added to commit (use "git add" and/or "git commit -a")

AD-ONE+dsingh@ITEM-S57803 MINGW64 /d/rcd-efiling-innersource/rcd-application (develop_RCDeFiling_5.10.0-RC1.1)
$ git status
On branch develop_RCDeFiling_5.10.0-RC1.1
Your branch is up to date with 'origin/develop_RCDeFiling_5.10.0-RC1.1'.

Changes not staged for commit:
  (use "git add <file>..." to update what will be committed)
  (use "git checkout -- <file>..." to discard changes in working directory)

        modified:   admintool/admintool-ui-static/pom.xml
        modified:   admintool/admintool-ui/pom.xml
        modified:   admintool/pom.xml
        modified:   common/common-configuration-domain/pom.xml
        modified:   common/common-core-domain-base/pom.xml
        modified:   common/common-core-domain/pom.xml
        modified:   common/common-core/pom.xml
        modified:   common/common-domain/pom.xml
        modified:   common/common-filenet/pom.xml
        modified:   common/common-jcr/pom.xml
        modified:   common/common-mongodb/pom.xml
        modified:   common/common-security/pom.xml
        modified:   common/common-ui/pom.xml
        modified:   common/pom.xml
        modified:   conf/pom.xml
        modified:   core/core-batch/pom.xml
        modified:   core/core-businessrules/pom.xml
        modified:   core/core-drools/pom.xml
        modified:   core/core-persistence/pom.xml
        modified:   core/core-report/pom.xml
        modified:   core/core-service/pom.xml
        modified:   core/pom.xml
        modified:   external-xsd/pom.xml
        modified:   external/external-adapter/pom.xml
        modified:   external/external-domain/pom.xml
        modified:   external/pom.xml
        modified:   pom.xml
        modified:   public-xsd/pom.xml
        modified:   rcd-efiling/pom.xml
        modified:   rcd-efiling/rcd-efiling-mock/pom.xml
        modified:   rcd-efiling/rcd-efiling-ui/pom.xml
        modified:   rcd-sit/frontend/pom.xml
        modified:   rcd-sit/pom.xml

no changes added to commit (use "git add" and/or "git commit -a")

AD-ONE+dsingh@ITEM-S57803 MINGW64 /d/rcd-efiling-innersource/rcd-application (develop_RCDeFiling_5.10.0-RC1.1)
$ git add .

AD-ONE+dsingh@ITEM-S57803 MINGW64 /d/rcd-efiling-innersource/rcd-application (develop_RCDeFiling_5.10.0-RC1.1)
$ git status
On branch develop_RCDeFiling_5.10.0-RC1.1
Your branch is up to date with 'origin/develop_RCDeFiling_5.10.0-RC1.1'.

Changes to be committed:
  (use "git reset HEAD <file>..." to unstage)

        modified:   admintool/admintool-ui-static/pom.xml
        modified:   admintool/admintool-ui/pom.xml
        modified:   admintool/pom.xml
        modified:   common/common-configuration-domain/pom.xml
        modified:   common/common-core-domain-base/pom.xml
        modified:   common/common-core-domain/pom.xml
        modified:   common/common-core/pom.xml
        modified:   common/common-domain/pom.xml
        modified:   common/common-filenet/pom.xml
        modified:   common/common-jcr/pom.xml
        modified:   common/common-mongodb/pom.xml
        modified:   common/common-security/pom.xml
        modified:   common/common-ui/pom.xml
        modified:   common/pom.xml
        modified:   conf/pom.xml
        modified:   core/core-batch/pom.xml
        modified:   core/core-businessrules/pom.xml
        modified:   core/core-drools/pom.xml
        modified:   core/core-persistence/pom.xml
        modified:   core/core-report/pom.xml
        modified:   core/core-service/pom.xml
        modified:   core/pom.xml
        modified:   external-xsd/pom.xml
        modified:   external/external-adapter/pom.xml
        modified:   external/external-domain/pom.xml
        modified:   external/pom.xml
        modified:   pom.xml
        modified:   public-xsd/pom.xml
        modified:   rcd-efiling/pom.xml
        modified:   rcd-efiling/rcd-efiling-mock/pom.xml
        modified:   rcd-efiling/rcd-efiling-ui/pom.xml
        modified:   rcd-sit/frontend/pom.xml
        modified:   rcd-sit/pom.xml


AD-ONE+dsingh@ITEM-S57803 MINGW64 /d/rcd-efiling-innersource/rcd-application (develop_RCDeFiling_5.10.0-RC1.1)
$ git commit -m "version updated in pom files"
[develop_RCDeFiling_5.10.0-RC1.1 602e59423] version updated in pom files
 33 files changed, 35 insertions(+), 35 deletions(-)

AD-ONE+dsingh@ITEM-S57803 MINGW64 /d/rcd-efiling-innersource/rcd-application (develop_RCDeFiling_5.10.0-RC1.1)
$ git status
On branch develop_RCDeFiling_5.10.0-RC1.1
Your branch is ahead of 'origin/develop_RCDeFiling_5.10.0-RC1.1' by 1 commit.
  (use "git push" to publish your local commits)

nothing to commit, working tree clean

AD-ONE+dsingh@ITEM-S57803 MINGW64 /d/rcd-efiling-innersource/rcd-application (develop_RCDeFiling_5.10.0-RC1.1)
$ git checkout master
Switched to branch 'master'
Your branch is up to date with 'rcd-application/master'.

AD-ONE+dsingh@ITEM-S57803 MINGW64 /d/rcd-efiling-innersource/rcd-application (master)
$ git push origin develop_RCDeFiling_5.10.0-RC1.1
fatal: UriFormatException encountered.
   actualUrl
Counting objects: 67, done.
Delta compression using up to 4 threads.
Compressing objects: 100% (67/67), done.
Writing objects: 100% (67/67), 7.57 KiB | 258.00 KiB/s, done.
Total 67 (delta 32), reused 0 (delta 0)
remote:
remote: To create a merge request for develop_RCDeFiling_5.10.0-RC1.1, visit:
remote:   https://innersource.soprasteria.com/EUIPO/Front-Office/RCDEF/rcd-application/merge_requests/new?merge_request%5Bsource_branch%5D=develop_RCDeFiling_5.10.0-RC1.1
remote:
To https://innersource.soprasteria.com/EUIPO/Front-Office/RCDEF/rcd-application.git
   3b9eba96c..602e59423  develop_RCDeFiling_5.10.0-RC1.1 -> develop_RCDeFiling_5.10.0-RC1.1

AD-ONE+dsingh@ITEM-S57803 MINGW64 /d/rcd-efiling-innersource/rcd-application (master)
$ git checkout develop_RCDeFiling_5.10.0-RC1.1
Switched to branch 'develop_RCDeFiling_5.10.0-RC1.1'
Your branch is up to date with 'origin/develop_RCDeFiling_5.10.0-RC1.1'.

AD-ONE+dsingh@ITEM-S57803 MINGW64 /d/rcd-efiling-innersource/rcd-application (develop_RCDeFiling_5.10.0-RC1.1)
$ git status
On branch develop_RCDeFiling_5.10.0-RC1.1
Your branch is up to date with 'origin/develop_RCDeFiling_5.10.0-RC1.1'.

Changes not staged for commit:
  (use "git add <file>..." to update what will be committed)
  (use "git checkout -- <file>..." to discard changes in working directory)

        modified:   common/pom.xml
        modified:   external-xsd/src/main/resources/EM-DS-Design-V1-0.xsd

no changes added to commit (use "git add" and/or "git commit -a")

AD-ONE+dsingh@ITEM-S57803 MINGW64 /d/rcd-efiling-innersource/rcd-application (develop_RCDeFiling_5.10.0-RC1.1)
$ git checkout  common/pom.xml

AD-ONE+dsingh@ITEM-S57803 MINGW64 /d/rcd-efiling-innersource/rcd-application (develop_RCDeFiling_5.10.0-RC1.1)
$ git checkout external-xsd/src/main/resources/EM-DS-Design-V1-0.xsd

AD-ONE+dsingh@ITEM-S57803 MINGW64 /d/rcd-efiling-innersource/rcd-application (develop_RCDeFiling_5.10.0-RC1.1)
$ git status
On branch develop_RCDeFiling_5.10.0-RC1.1
Your branch is up to date with 'origin/develop_RCDeFiling_5.10.0-RC1.1'.

nothing to commit, working tree clean

AD-ONE+dsingh@ITEM-S57803 MINGW64 /d/rcd-efiling-innersource/rcd-application (develop_RCDeFiling_5.10.0-RC1.1)
$ git reset --hard 3b9eba96
HEAD is now at 3b9eba96c Created new module for Mongodb


AD-ONE+dsingh@ITEM-S57803 MINGW64 /d/rcd-efiling-innersource/rcd-application (develop_RCDeFiling_5.10.0-RC1.1)
$ git status
On branch develop_RCDeFiling_5.10.0-RC1.1
Your branch is behind 'origin/develop_RCDeFiling_5.10.0-RC1.1' by 1 commit, and can be fast-forwarded.
  (use "git pull" to update your local branch)

Changes not staged for commit:
  (use "git add <file>..." to update what will be committed)
  (use "git checkout -- <file>..." to discard changes in working directory)

        modified:   external-xsd/src/main/resources/EM-DS-Design-V1-0.xsd

no changes added to commit (use "git add" and/or "git commit -a")

AD-ONE+dsingh@ITEM-S57803 MINGW64 /d/rcd-efiling-innersource/rcd-application (develop_RCDeFiling_5.10.0-RC1.1)
$ git checkout  external-xsd/src/main/resources/EM-DS-Design-V1-0.xsd

AD-ONE+dsingh@ITEM-S57803 MINGW64 /d/rcd-efiling-innersource/rcd-application (develop_RCDeFiling_5.10.0-RC1.1)
$ git status
On branch develop_RCDeFiling_5.10.0-RC1.1
Your branch is behind 'origin/develop_RCDeFiling_5.10.0-RC1.1' by 1 commit, and can be fast-forwarded.
  (use "git pull" to update your local branch)

nothing to commit, working tree clean

AD-ONE+dsingh@ITEM-S57803 MINGW64 /d/rcd-efiling-innersource/rcd-application (develop_RCDeFiling_5.10.0-RC1.1)
$ git checkout master
Switched to branch 'master'
Your branch is up to date with 'rcd-application/master'.

AD-ONE+dsingh@ITEM-S57803 MINGW64 /d/rcd-efiling-innersource/rcd-application (master)
$ git push -f origin develop_RCDeFiling_5.10.0-RC1.1
fatal: UriFormatException encountered.
   actualUrl
Total 0 (delta 0), reused 0 (delta 0)
remote:
remote: To create a merge request for develop_RCDeFiling_5.10.0-RC1.1, visit:
remote:   https://innersource.soprasteria.com/EUIPO/Front-Office/RCDEF/rcd-application/merge_requests/new?merge_request%5Bsource_branch%5D=develop_RCDeFiling_5.10.0-RC1.1
remote:
To https://innersource.soprasteria.com/EUIPO/Front-Office/RCDEF/rcd-application.git
 + 602e59423...3b9eba96c develop_RCDeFiling_5.10.0-RC1.1 -> develop_RCDeFiling_5.10.0-RC1.1 (forced update)

AD-ONE+dsingh@ITEM-S57803 MINGW64 /d/rcd-efiling-innersource/rcd-application (master)
$ git checkout develop_RCDeFiling_5.10.0-RC1.1
Switched to branch 'develop_RCDeFiling_5.10.0-RC1.1'
Your branch is up to date with 'origin/develop_RCDeFiling_5.10.0-RC1.1'.

AD-ONE+dsingh@ITEM-S57803 MINGW64 /d/rcd-efiling-innersource/rcd-application (develop_RCDeFiling_5.10.0-RC1.1)
$ git status
On branch develop_RCDeFiling_5.10.0-RC1.1
Your branch is up to date with 'origin/develop_RCDeFiling_5.10.0-RC1.1'.

nothing to commit, working tree clean

AD-ONE+dsingh@ITEM-S57803 MINGW64 /d/rcd-efiling-innersource/rcd-application (develop_RCDeFiling_5.10.0-RC1.1)
# check git status
$ git status
#clean build skip test
mvn clean install -DskipTests
